(mir
    (func block_argument
        (return_type int)
        (captures_type unit)
        (entry block0)
        (block block0
            (param captures (mref unit))
            (param x int)
            (jump (block1 (x))))
        (block block1
            (param x_r1 int)
            (return (x_r1)))))